<generatedTop>
  <mem>
    [ 65536 , 65624 ) r|-> b"\x7fELF\x01\x01\x01\x00\x00\x00\x00\x00\x00\x00\x00\x00\x02\x00\xf3\x00\x01\x00\x00\x00T\x00\x01\x004\x00\x00\x00\xa8\x01\x00\x00\x08\x00\x00\x004\x00 \x00\x01\x00(\x00\x05\x00\x04\x00\x01\x00\x00\x00\x00\x00\x00\x00\x00\x00\x01\x00\x00\x00\x01\x00X\x00\x00\x00X\x00\x00\x00\x05\x00\x00\x00\x00\x10\x00\x00o\x00\x00\x00"
  </mem>
  <pc>
    65620
  </pc>
  <generatedCounter>
    0
  </generatedCounter>
</generatedTop>